// Jest Snapshot v1, https://goo.gl/fbAQLP

exports[`expects to render card component 1`] = `
<div>
  <Card
    email="john@gmail.com"
    id={1}
    key="0"
    name="John Snow"
  />
</div>
`;
