// Jest Snapshot v1, https://goo.gl/fbAQLP

exports[`expects to render CounterButton component 1`] = `
<button
  className="f6 grow no-underline br-pill ba bw1 ph3 pv2 mb2 dib dark-green"
  color="red"
  id="counter"
  onClick={[Function]}
  onContextMenu={[Function]}
>
  Count: 
  0
</button>
`;
